
=== single ===
  [seed=0] trm_mixer=-0.190  trm_mixer_nomix=-0.174  trm_mixer_unsharedro=-0.203  trm_mixer_nomix_unsharedro=-0.177  trm_mixer_nomix_distinctw=-0.201  trm_flat=-0.299  ff_matched=-0.514 (baseline=-0.248)
  [seed=1] trm_mixer=-0.128  trm_mixer_nomix=-0.096  trm_mixer_unsharedro=-0.120  trm_mixer_nomix_unsharedro=-0.101  trm_mixer_nomix_distinctw=-0.099  trm_flat=-0.176  ff_matched=-0.168 (baseline=-0.198)
  [seed=2] trm_mixer=-0.190  trm_mixer_nomix=-0.181  trm_mixer_unsharedro=-0.195  trm_mixer_nomix_unsharedro=-0.193  trm_mixer_nomix_distinctw=-0.238  trm_flat=-0.327  ff_matched=-0.403 (baseline=-0.290)
  [seed=3] trm_mixer=-0.208  trm_mixer_nomix=-0.200  trm_mixer_unsharedro=-0.195  trm_mixer_nomix_unsharedro=-0.192  trm_mixer_nomix_distinctw=-0.214  trm_flat=-0.297  ff_matched=-0.388 (baseline=-0.310)
  [seed=4] trm_mixer=-0.100  trm_mixer_nomix=-0.095  trm_mixer_unsharedro=-0.110  trm_mixer_nomix_unsharedro=-0.114  trm_mixer_nomix_distinctw=-0.131  trm_flat=-0.527  ff_matched=-0.175 (baseline=-0.183)
  [seed=5] trm_mixer=-0.096  trm_mixer_nomix=-0.095  trm_mixer_unsharedro=-0.100  trm_mixer_nomix_unsharedro=-0.094  trm_mixer_nomix_distinctw=-0.101  trm_flat=-0.132  ff_matched=-0.134 (baseline=-0.181)
  [seed=6] trm_mixer=-0.152  trm_mixer_nomix=-0.147  trm_mixer_unsharedro=-0.151  trm_mixer_nomix_unsharedro=-0.160  trm_mixer_nomix_distinctw=-0.160  trm_flat=-0.256  ff_matched=-0.311 (baseline=-0.206)
  [seed=7] trm_mixer=-0.059  trm_mixer_nomix=-0.051  trm_mixer_unsharedro=-0.059  trm_mixer_nomix_unsharedro=-0.053  trm_mixer_nomix_distinctw=-0.060  trm_flat=-0.100  ff_matched=-0.094 (baseline=-0.121)
  [seed=8] trm_mixer=-0.078  trm_mixer_nomix=-0.073  trm_mixer_unsharedro=-0.103  trm_mixer_nomix_unsharedro=-0.093  trm_mixer_nomix_distinctw=-0.083  trm_flat=-0.126  ff_matched=-0.133 (baseline=-0.140)
  [seed=9] trm_mixer=-0.096  trm_mixer_nomix=-0.102  trm_mixer_unsharedro=-0.110  trm_mixer_nomix_unsharedro=-0.109  trm_mixer_nomix_distinctw=-0.122  trm_flat=-0.112  ff_matched=-0.145 (baseline=-0.172)
  majority_baseline: acc -0.2048 ± 0.0611
         trm_mixer: acc -0.1298 ± 0.0524
   trm_mixer_nomix: acc -0.1214 ± 0.0504
  trm_mixer_unsharedro: acc -0.1347 ± 0.0490
  trm_mixer_nomix_unsharedro: acc -0.1285 ± 0.0483
  trm_mixer_nomix_distinctw: acc -0.1407 ± 0.0601
          trm_flat: acc -0.2350 ± 0.1338
        ff_matched: acc -0.2465 ± 0.1454
  Δ(trm_mixer_nomix − trm_mixer_nomix_unsharedro) = +0.0072 ± 0.0089  [MSE -0.0072 ± 0.0089]  [MAE -0.0082 ± 0.0075]  [R2 +0.0143 ± 0.0193]
  Δ(trm_mixer − trm_mixer_unsharedro) = +0.0049 ± 0.0111  [MSE -0.0049 ± 0.0111]  [MAE -0.0057 ± 0.0116]  [R2 +0.0107 ± 0.0194]
  Δ(trm_mixer − trm_mixer_nomix) = -0.0084 ± 0.0101  [MSE +0.0084 ± 0.0101]  [MAE +0.0123 ± 0.0112]  [R2 -0.0129 ± 0.0142]
  Δ(trm_mixer_unsharedro − trm_mixer_nomix_unsharedro) = -0.0062 ± 0.0102  [MSE +0.0062 ± 0.0102]  [MAE +0.0098 ± 0.0133]  [R2 -0.0093 ± 0.0158]
  Δ(trm_mixer_nomix − trm_mixer_nomix_distinctw) = +0.0193 ± 0.0166  [MSE -0.0193 ± 0.0166]  [MAE -0.0192 ± 0.0127]  [R2 +0.0327 ± 0.0282]
  Δ(trm_mixer_nomix − ff_matched) = +0.1252 ± 0.1005  [MSE -0.1252 ± 0.1005]  [MAE -0.1156 ± 0.0732]  [R2 +0.1916 ± 0.1202]
  Δ(trm_mixer_nomix_unsharedro − ff_matched) = +0.1180 ± 0.1023  [MSE -0.1180 ± 0.1023]  [MAE -0.1074 ± 0.0747]  [R2 +0.1772 ± 0.1219]
  Δ(trm_mixer − ff_matched) = +0.1167 ± 0.0982  [MSE -0.1167 ± 0.0982]  [MAE -0.1032 ± 0.0723]  [R2 +0.1787 ± 0.1190]
  Δ(trm_flat − ff_matched) = +0.0115 ± 0.1444  [MSE -0.0115 ± 0.1444]  [MAE -0.0088 ± 0.0923]  [R2 -0.0346 ± 0.3437]

Results : results\m34_etth2_h24_20260815T142543.json
Curve   : results\m34_etth2_h24_20260815T142543_curve.csv
Deltas  : results\m34_etth2_h24_20260815T142543_deltas.csv
Params  : results\m34_etth2_h24_20260815T142543_params.csv
  ✓ BUDGET PARITY: all matched arms within ±5% per cell.
