
=== rule=78, w=24 ===
  [seed=0] trm_nods=0.966  trm_nsup=0.990  trm_nsup_nocarry=0.987 (baseline=0.562)
  [seed=1] trm_nods=0.962  trm_nsup=0.989  trm_nsup_nocarry=0.988 (baseline=0.561)
  [seed=2] trm_nods=0.971  trm_nsup=0.987  trm_nsup_nocarry=0.990 (baseline=0.562)
  [seed=3] trm_nods=0.970  trm_nsup=0.989  trm_nsup_nocarry=0.991 (baseline=0.561)
  [seed=4] trm_nods=0.960  trm_nsup=0.992  trm_nsup_nocarry=0.991 (baseline=0.561)
  [seed=5] trm_nods=0.964  trm_nsup=0.990  trm_nsup_nocarry=0.991 (baseline=0.563)
  [seed=6] trm_nods=0.973  trm_nsup=0.988  trm_nsup_nocarry=0.988 (baseline=0.562)
  [seed=7] trm_nods=0.957  trm_nsup=0.987  trm_nsup_nocarry=0.990 (baseline=0.562)
  majority_baseline: acc 0.5618 ± 0.0007
   subset_baseline: EM  0.0238 ± 0.0018
          trm_nods: acc 0.9654 ± 0.0057
          trm_nsup: acc 0.9888 ± 0.0018
  trm_nsup_nocarry: acc 0.9896 ± 0.0015
  Δ(trm_nsup − trm_nsup_nocarry) = -0.0008 ± 0.0022  [EM -0.0126 ± 0.0259]  [coh +0.0019 ± 0.0187]
  Δ(trm_nsup − trm_nods) = +0.0234 ± 0.0064  [EM +0.2956 ± 0.0658]  [coh -0.0350 ± 0.0153]
  Δ(trm_nsup_nocarry − trm_nods) = +0.0242 ± 0.0062  [EM +0.3083 ± 0.0611]  [coh -0.0369 ± 0.0196]

Results : scratchpad\m35\results\m18e_amp_cuda_graph_20260817T121828.json
Curve   : scratchpad\m35\results\m18e_amp_cuda_graph_20260817T121828_curve.csv
Deltas  : scratchpad\m35\results\m18e_amp_cuda_graph_20260817T121828_deltas.csv
Params  : scratchpad\m35\results\m18e_amp_cuda_graph_20260817T121828_params.csv
  ✓ BUDGET PARITY: all matched arms within ±2% per cell.
