
=== rule=78, w=24 ===
  [seed=0] trm_nods=0.966  trm_nsup=0.990  trm_nsup_nocarry=0.987 (baseline=0.562)
  [seed=1] trm_nods=0.962  trm_nsup=0.989  trm_nsup_nocarry=0.993 (baseline=0.561)
  [seed=2] trm_nods=0.972  trm_nsup=0.990  trm_nsup_nocarry=0.987 (baseline=0.562)
  [seed=3] trm_nods=0.970  trm_nsup=0.989  trm_nsup_nocarry=0.986 (baseline=0.561)
  [seed=4] trm_nods=0.960  trm_nsup=0.985  trm_nsup_nocarry=0.991 (baseline=0.561)
  [seed=5] trm_nods=0.964  trm_nsup=0.991  trm_nsup_nocarry=0.977 (baseline=0.563)
  [seed=6] trm_nods=0.973  trm_nsup=0.985  trm_nsup_nocarry=0.989 (baseline=0.562)
  [seed=7] trm_nods=0.957  trm_nsup=0.991  trm_nsup_nocarry=0.991 (baseline=0.562)
  majority_baseline: acc 0.5618 ± 0.0007
   subset_baseline: EM  0.0238 ± 0.0018
          trm_nods: acc 0.9654 ± 0.0057
          trm_nsup: acc 0.9886 ± 0.0025
  trm_nsup_nocarry: acc 0.9876 ± 0.0049
  Δ(trm_nsup − trm_nsup_nocarry) = +0.0010 ± 0.0064  [EM +0.0025 ± 0.0680]  [coh -0.0130 ± 0.0448]
  Δ(trm_nsup − trm_nods) = +0.0232 ± 0.0067  [EM +0.2919 ± 0.0698]  [coh -0.0354 ± 0.0265]
  Δ(trm_nsup_nocarry − trm_nods) = +0.0222 ± 0.0085  [EM +0.2894 ± 0.0797]  [coh -0.0224 ± 0.0427]

Results : scratchpad\m35\results\m18e_cuda_graph_20260817T221233.json
Curve   : scratchpad\m35\results\m18e_cuda_graph_20260817T221233_curve.csv
Deltas  : scratchpad\m35\results\m18e_cuda_graph_20260817T221233_deltas.csv
Params  : scratchpad\m35\results\m18e_cuda_graph_20260817T221233_params.csv
  ✓ BUDGET PARITY: all matched arms within ±2% per cell.
